2026-10-06T22:03:57.618576829 main INFO: [INIT] Starting terminal
2026-10-06T22:03:57.619800793 main INFO: [INIT] Initializing GLFW
2026-10-06T22:03:57.652693815 main INFO: [INIT] Initializing window
2026-10-06T22:03:57.653617151 main INFO: [INIT] Creating window
2026-10-06T22:03:57.705532487 main INFO: [INIT] Initializing OpenGL
2026-10-06T22:03:57.837967897 main INFO: [INIT] Initializing Render Engine
2026-10-06T22:03:57.845373890 main INFO: [INIT] Initializing Elements
2026-10-06T22:03:57.870849710 main INFO: [INIT] Initializing Layers
2026-10-06T22:03:57.871670539 main INFO: [INIT] Initializing Input
2026-10-06T22:03:57.886349809 main INFO: Loading Icon
2026-10-06T22:04:18.271703701 Initialization Thread INFO: [DizzyUpdater] Fetching latest version from https://api.github.com/repos/ThizThizzyDizzy/nc-reactor-generator/releases/latest
2026-10-06T22:04:18.459564205 Initialization Thread ERROR: [DizzyUpdater] GitHub update check failed!
java.lang.NumberFormatException: For input string: "@VERSION@"
java.base/java.lang.NumberFormatException.forInputString(NumberFormatException.java:67)
java.base/java.lang.Integer.parseInt(Integer.java:662)
java.base/java.lang.Integer.parseInt(Integer.java:778)
com.thizthizzydizzy.dizzyengine.updater.DizzyUpdater.compareVersions(DizzyUpdater.java:106)
com.thizthizzydizzy.dizzyengine.updater.DizzyUpdater.checkGitHubLatest(DizzyUpdater.java:69)
net.ncplanner.plannerator.planner.gui.menu.MenuInit.lambda$new$0(MenuInit.java:374)
java.base/java.lang.Thread.run(Thread.java:1583)
2026-10-06T22:04:49.076635233 main INFO: [DizzyEngine] Window closed!
2026-10-06T22:04:49.077345356 main INFO: [DizzyEngine] Shutting down...
